../Drivers/Project_drv/mic.c:94:24:mic_get_target_ms	8	static
../Drivers/Project_drv/mic.c:130:17:MIC_DebugLastDmaBuf	16	static
../Drivers/Project_drv/mic.c:144:14:safe_dbfs_from_rms	16	static
../Drivers/Project_drv/mic.c:151:13:set_error	16	static
../Drivers/Project_drv/mic.c:161:13:mic_update_rates	16	static
../Drivers/Project_drv/mic.c:177:17:mic_spi_prescaler_div	16	static
../Drivers/Project_drv/mic.c:193:17:mic_spi_bits_per_word	8	static
../Drivers/Project_drv/mic.c:201:17:mic_pcm_fs_hz	32	static
../Drivers/Project_drv/mic.c:222:14:mic_lp_alpha_from_fc	40	static
../Drivers/Project_drv/mic.c:243:21:mic_lp_step	32	static
../Drivers/Project_drv/mic.c:249:16:mic_dbfs_to_x100_i16	24	static
../Drivers/Project_drv/mic.c:259:13:micfft_invalidate	16	static
../Drivers/Project_drv/mic.c:270:13:micfft_reset	8	static
../Drivers/Project_drv/mic.c:290:13:micfft_feed_sample	112	static
../Drivers/Project_drv/mic.c:362:13:pdm2pcm_reset	8	static
../Drivers/Project_drv/mic.c:370:23:popcount16_inline	24	static
../Drivers/Project_drv/mic.c:382:23:pdm_word_to_cic_input	24	static
../Drivers/Project_drv/mic.c:388:21:pdm2pcm_step	48	static
../Drivers/Project_drv/mic.c:413:6:HAL_SPI_RxHalfCpltCallback	16	static
../Drivers/Project_drv/mic.c:424:6:HAL_SPI_RxCpltCallback	16	static
../Drivers/Project_drv/mic.c:435:6:HAL_SPI_ErrorCallback	16	static
../Drivers/Project_drv/mic.c:447:18:start_dma_block	24	static
../Drivers/Project_drv/mic.c:498:18:process_words_and_update_window	152	static
../Drivers/Project_drv/mic.c:670:6:MIC_SetDebug	16	static
../Drivers/Project_drv/mic.c:675:6:MIC_Init	16	static
../Drivers/Project_drv/mic.c:732:11:MIC_Start	24	static
../Drivers/Project_drv/mic.c:789:6:MIC_Stop	8	static
../Drivers/Project_drv/mic.c:806:6:MIC_Task	40	static
../Drivers/Project_drv/mic.c:916:11:MIC_GetLast50ms	16	static
../Drivers/Project_drv/mic.c:931:7:MIC_LastDbFS	8	static
../Drivers/Project_drv/mic.c:932:7:MIC_LastRms	8	static
../Drivers/Project_drv/mic.c:933:13:MIC_LastErrorMsg	8	static
../Drivers/Project_drv/mic.c:935:7:MIC_ReadDbFS	8	static
../Drivers/Project_drv/mic.c:940:7:MIC_ReadDbFS_Debug	32	static
../Drivers/Project_drv/mic.c:988:13:MIC_ErrName	16	static
../Drivers/Project_drv/mic.c:1006:18:mic_ensure_started	24	static
../Drivers/Project_drv/mic.c:1017:11:MIC_ReadDbfsX100_Blocking	40	static,ignoring_inline_asm
../Drivers/Project_drv/mic.c:1050:11:MIC_FFT_GetLastBinsDbX100	24	static
../Drivers/Project_drv/mic.c:1071:11:MIC_FFT_WaitBinsDbX100	40	static,ignoring_inline_asm
../Drivers/Project_drv/mic.c:1117:13:micfind_writef	228	static
../Drivers/Project_drv/mic.c:1128:13:micfind_pa6_set_input	48	static
../Drivers/Project_drv/mic.c:1140:13:micfind_pa6_set_spi_af	48	static
../Drivers/Project_drv/mic.c:1153:16:micfind_pa6_read	8	static
../Drivers/Project_drv/mic.c:1158:13:micfind_pa6_pull_diagnose	48	static
../Drivers/Project_drv/mic.c:1184:13:micdiag_pa6_pull_diagnose	48	static
../Drivers/Project_drv/mic.c:1210:20:mic_pull_name	16	static
../Drivers/Project_drv/mic.c:1221:6:MIC_WriteDiag	184	static
../Drivers/Project_drv/mic.c:1325:13:micfind_stats_reset	16	static
../Drivers/Project_drv/mic.c:1334:13:micfind_stats_feed	40	static
../Drivers/Project_drv/mic.c:1367:26:micfind_rx_words	24	static
../Drivers/Project_drv/mic.c:1373:13:micfind_clock_for_ms	536	static
../Drivers/Project_drv/mic.c:1383:13:micfind_print_stats	112	static
../Drivers/Project_drv/mic.c:1408:6:MIC_FindMic	1328	static
