../Drivers/Project_drv/mic.c:60:24:mic_get_target_ms	8	static
../Drivers/Project_drv/mic.c:77:17:MIC_DebugLastDmaBuf	16	static
../Drivers/Project_drv/mic.c:91:14:safe_dbfs_from_rms	16	static
../Drivers/Project_drv/mic.c:98:13:set_error	16	static
../Drivers/Project_drv/mic.c:117:13:pdm2pcm_reset	8	static
../Drivers/Project_drv/mic.c:125:23:popcount16_inline	24	static
../Drivers/Project_drv/mic.c:137:23:pdm_word_to_cic_input	24	static
../Drivers/Project_drv/mic.c:143:21:pdm2pcm_step	48	static
../Drivers/Project_drv/mic.c:168:6:HAL_SPI_RxCpltCallback	16	static
../Drivers/Project_drv/mic.c:174:6:HAL_SPI_ErrorCallback	16	static
../Drivers/Project_drv/mic.c:181:18:start_dma_block	24	static
../Drivers/Project_drv/mic.c:222:18:process_block_and_update_window	120	static
../Drivers/Project_drv/mic.c:334:6:MIC_SetDebug	16	static
../Drivers/Project_drv/mic.c:339:6:MIC_Init	8	static
../Drivers/Project_drv/mic.c:372:11:MIC_Start	24	static
../Drivers/Project_drv/mic.c:423:6:MIC_Stop	8	static
../Drivers/Project_drv/mic.c:436:6:MIC_Task	64	static
../Drivers/Project_drv/mic.c:536:11:MIC_GetLast50ms	16	static
../Drivers/Project_drv/mic.c:551:7:MIC_LastDbFS	8	static
../Drivers/Project_drv/mic.c:552:7:MIC_LastRms	8	static
../Drivers/Project_drv/mic.c:553:13:MIC_LastErrorMsg	8	static
../Drivers/Project_drv/mic.c:555:7:MIC_ReadDbFS	8	static
../Drivers/Project_drv/mic.c:560:7:MIC_ReadDbFS_Debug	32	static
