../Drivers/Project_drv/mic.c:129:24:mic_get_target_ms	8	static
../Drivers/Project_drv/mic.c:143:17:MIC_DebugLastDmaBuf	16	static
../Drivers/Project_drv/mic.c:165:14:safe_dbfs_from_rms	16	static
../Drivers/Project_drv/mic.c:172:13:set_error	16	static
../Drivers/Project_drv/mic.c:205:13:pdm2pcm_reset	8	static
../Drivers/Project_drv/mic.c:213:23:popcount16_inline	24	static
../Drivers/Project_drv/mic.c:229:23:pdm_word_to_cic_input	24	static
../Drivers/Project_drv/mic.c:235:21:pdm2pcm_step	48	static
../Drivers/Project_drv/mic.c:264:6:HAL_SPI_RxCpltCallback	16	static
../Drivers/Project_drv/mic.c:270:6:HAL_SPI_ErrorCallback	16	static
../Drivers/Project_drv/mic.c:277:18:start_dma_block	24	static
../Drivers/Project_drv/mic.c:320:18:process_block_and_update_window	112	static
../Drivers/Project_drv/mic.c:431:6:MIC_SetDebug	16	static
../Drivers/Project_drv/mic.c:436:6:MIC_Init	8	static
../Drivers/Project_drv/mic.c:468:11:MIC_Start	24	static
../Drivers/Project_drv/mic.c:520:6:MIC_Stop	8	static
../Drivers/Project_drv/mic.c:529:6:MIC_Task	64	static
../Drivers/Project_drv/mic.c:631:11:MIC_GetLast50ms	16	static
../Drivers/Project_drv/mic.c:651:7:MIC_LastDbFS	8	static
../Drivers/Project_drv/mic.c:652:7:MIC_LastRms	8	static
../Drivers/Project_drv/mic.c:654:7:MIC_ReadDbFS	8	static
../Drivers/Project_drv/mic.c:659:7:MIC_ReadDbFS_Debug	32	static
