../Core/Inc/main.h:107:20:IND_LED_On	8	static
../Core/Inc/main.h:108:20:IND_LED_Off	8	static
../Drivers/Project_drv/MiniPascal.c:31:13:mp_puts	16	static
../Drivers/Project_drv/MiniPascal.c:32:13:mp_putcrlf	8	static
../Drivers/Project_drv/MiniPascal.c:43:12:mp_stricmp	24	static
../Drivers/Project_drv/MiniPascal.c:52:13:mp_itoa	48	static
../Drivers/Project_drv/MiniPascal.c:68:13:mp_put2	32	static
../Drivers/Project_drv/MiniPascal.c:82:13:mp_utoa_hex	40	static
../Drivers/Project_drv/MiniPascal.c:96:20:mic_err_name	16	static
../Drivers/Project_drv/MiniPascal.c:112:13:parse_int	24	static
../Drivers/Project_drv/MiniPascal.c:123:6:mp_exec_builtin_line	96	static
../Drivers/Project_drv/MiniPascal.c:184:17:fnv1a16_ci	24	static
../Drivers/Project_drv/MiniPascal.c:208:13:ed_init	16	static
../Drivers/Project_drv/MiniPascal.c:210:12:ed_find	24	static
../Drivers/Project_drv/MiniPascal.c:215:12:ed_insert_pos	24	static
../Drivers/Project_drv/MiniPascal.c:221:13:ed_delete	32	static
../Drivers/Project_drv/MiniPascal.c:229:13:ed_set	48	static
../Drivers/Project_drv/MiniPascal.c:250:13:ed_list	48	static
../Drivers/Project_drv/MiniPascal.c:285:12:sysvar_find	24	static
../Drivers/Project_drv/MiniPascal.c:328:13:is_id0	16	static
../Drivers/Project_drv/MiniPascal.c:329:13:is_idn	16	static
../Drivers/Project_drv/MiniPascal.c:332:13:lex_init_prog	24	static
../Drivers/Project_drv/MiniPascal.c:342:13:lex_skip_ws	16	static
../Drivers/Project_drv/MiniPascal.c:356:13:kw	24	static
../Drivers/Project_drv/MiniPascal.c:365:14:kw_kind	16	static
../Drivers/Project_drv/MiniPascal.c:382:13:lex_next	144	static
../Drivers/Project_drv/MiniPascal.c:483:13:set_err	16	static
../Drivers/Project_drv/MiniPascal.c:485:13:emit_u8	16	static
../Drivers/Project_drv/MiniPascal.c:486:13:emit_u16	24	static
../Drivers/Project_drv/MiniPascal.c:492:13:emit_u32	24	static
../Drivers/Project_drv/MiniPascal.c:500:13:emit_bytes	24	static
../Drivers/Project_drv/MiniPascal.c:506:13:emit_pushi	16	static
../Drivers/Project_drv/MiniPascal.c:507:13:patch_u16	16	static
../Drivers/Project_drv/MiniPascal.c:514:12:sym_find	32	static
../Drivers/Project_drv/MiniPascal.c:520:12:sym_get_or_add	40	static
../Drivers/Project_drv/MiniPascal.c:540:12:builtin_id	16	static
../Drivers/Project_drv/MiniPascal.c:587:13:nx	24	static
../Drivers/Project_drv/MiniPascal.c:601:13:ac	16	static
../Drivers/Project_drv/MiniPascal.c:602:13:ex	24	static
../Drivers/Project_drv/MiniPascal.c:606:13:time_arg	24	static
../Drivers/Project_drv/MiniPascal.c:618:13:primary	56	static
../Drivers/Project_drv/MiniPascal.c:673:13:unary	16	static
../Drivers/Project_drv/MiniPascal.c:679:13:mul	24	static
../Drivers/Project_drv/MiniPascal.c:690:13:add	24	static
../Drivers/Project_drv/MiniPascal.c:701:13:cmp	24	static
../Drivers/Project_drv/MiniPascal.c:721:13:land	16	static
../Drivers/Project_drv/MiniPascal.c:727:13:lor	16	static
../Drivers/Project_drv/MiniPascal.c:733:13:expr	16	static
../Drivers/Project_drv/MiniPascal.c:738:13:stmt_list_until	16	static
../Drivers/Project_drv/MiniPascal.c:746:13:block_or_single	16	static
../Drivers/Project_drv/MiniPascal.c:754:13:st_writeln	32	static
../Drivers/Project_drv/MiniPascal.c:780:13:st_if	24	static
../Drivers/Project_drv/MiniPascal.c:802:13:st_while	24	static
../Drivers/Project_drv/MiniPascal.c:817:13:st_repeat	24	static
../Drivers/Project_drv/MiniPascal.c:826:13:st_goto	24	static
../Drivers/Project_drv/MiniPascal.c:841:13:st_assign_or_call	56	static
../Drivers/Project_drv/MiniPascal.c:881:13:stmt	16	static
../Drivers/Project_drv/MiniPascal.c:902:13:compile_program	3880	static
../Drivers/Project_drv/MiniPascal.c:959:12:editor_index_by_line	24	static
../Drivers/Project_drv/MiniPascal.c:979:13:vm_reset	16	static
../Drivers/Project_drv/MiniPascal.c:983:13:push	16	static
../Drivers/Project_drv/MiniPascal.c:984:13:pop	16	static
../Drivers/Project_drv/MiniPascal.c:985:17:rd_u16	24	static
../Drivers/Project_drv/MiniPascal.c:986:16:rd_i32	24	static
../Drivers/Project_drv/MiniPascal.c:991:13:vm_step	128	static
../Drivers/Project_drv/MiniPascal.c:1114:17:fnv1a32_update	32	static
../Drivers/Project_drv/MiniPascal.c:1120:17:flash_data_start	8	static
../Drivers/Project_drv/MiniPascal.c:1124:17:flash_data_end	8	static
../Drivers/Project_drv/MiniPascal.c:1128:17:flash_data_size	16	static
../Drivers/Project_drv/MiniPascal.c:1137:13:flash_err_clear	8	static
../Drivers/Project_drv/MiniPascal.c:1142:13:flash_err_set	16	static
../Drivers/Project_drv/MiniPascal.c:1147:13:flash_clear_errors	8	static
../Drivers/Project_drv/MiniPascal.c:1160:17:slot_size_bytes	16	static
../Drivers/Project_drv/MiniPascal.c:1168:17:slot_base_addr	24	static
../Drivers/Project_drv/MiniPascal.c:1176:13:flash_unlock	8	static
../Drivers/Project_drv/MiniPascal.c:1177:13:flash_lock	8	static
../Drivers/Project_drv/MiniPascal.c:1179:13:flash_erase_region	64	static
../Drivers/Project_drv/MiniPascal.c:1202:13:flash_prog_dw	32	static
../Drivers/Project_drv/MiniPascal.c:1209:13:flash_stream_init	16	static
../Drivers/Project_drv/MiniPascal.c:1217:13:flash_stream_write	32	static
../Drivers/Project_drv/MiniPascal.c:1231:13:flash_stream_flush	16	static
../Drivers/Project_drv/MiniPascal.c:1241:13:storage_save_slot	112	static
../Drivers/Project_drv/MiniPascal.c:1308:13:storage_load_slot	96	static
../Drivers/Project_drv/MiniPascal.c:1355:13:storage_slot_has_program	72	static
../Drivers/Project_drv/MiniPascal.c:1379:16:slot_step	16	static
../Drivers/Project_drv/MiniPascal.c:1384:16:slot_find_next_program	32	static
../Drivers/Project_drv/MiniPascal.c:1393:16:slot_find_first_program	16	static
../Drivers/Project_drv/MiniPascal.c:1402:13:refresh_program_slot_cache	8	static
../Drivers/Project_drv/MiniPascal.c:1406:9:mp_first_program_slot	8	static
../Drivers/Project_drv/MiniPascal.c:1444:13:mp_prompt	8	static
../Drivers/Project_drv/MiniPascal.c:1449:13:help	8	static
../Drivers/Project_drv/MiniPascal.c:1529:13:edit_load_from_ed	16	static
../Drivers/Project_drv/MiniPascal.c:1545:13:edit_store_to_ed	16	static
../Drivers/Project_drv/MiniPascal.c:1552:13:edit_delete_line_at	32	static
../Drivers/Project_drv/MiniPascal.c:1560:12:map_line_no	32	static
../Drivers/Project_drv/MiniPascal.c:1567:13:renumber_update_goto_line	80	static
../Drivers/Project_drv/MiniPascal.c:1638:13:edit_renumber_program	504	static
../Drivers/Project_drv/MiniPascal.c:1661:12:edit_pick_new_line_no	24	static
../Drivers/Project_drv/MiniPascal.c:1674:13:edit_insert_line_after	32	static
../Drivers/Project_drv/MiniPascal.c:1688:13:edit_render	96	static
../Drivers/Project_drv/MiniPascal.c:1714:13:edit_exit	96	static
../Drivers/Project_drv/MiniPascal.c:1732:13:edit_enter_new	88	static
../Drivers/Project_drv/MiniPascal.c:1749:13:edit_enter_slot	104	static
../Drivers/Project_drv/MiniPascal.c:1790:13:edit_move_line	16	static
../Drivers/Project_drv/MiniPascal.c:1806:13:edit_backspace	96	static
../Drivers/Project_drv/MiniPascal.c:1839:13:edit_delete	24	static
../Drivers/Project_drv/MiniPascal.c:1861:13:edit_insert_char	24	static
../Drivers/Project_drv/MiniPascal.c:1872:13:edit_enter_key	176	static
../Drivers/Project_drv/MiniPascal.c:1919:13:edit_handle_escape	16	static
../Drivers/Project_drv/MiniPascal.c:1954:13:compile_or_report	24	static
../Drivers/Project_drv/MiniPascal.c:1969:13:cmd_run	8	static
../Drivers/Project_drv/MiniPascal.c:1976:13:cmd_stop	8	static
../Drivers/Project_drv/MiniPascal.c:1981:13:parse_slot_opt	24	static
../Drivers/Project_drv/MiniPascal.c:1997:13:handle_line	176	static
../Drivers/Project_drv/MiniPascal.c:2136:13:mp_indicate_program_start	8	static
../Drivers/Project_drv/MiniPascal.c:2143:6:mp_init	16	static
../Drivers/Project_drv/MiniPascal.c:2160:6:mp_request_stop	8	static
../Drivers/Project_drv/MiniPascal.c:2161:6:mp_request_run_slot	16	static
../Drivers/Project_drv/MiniPascal.c:2165:6:mp_request_run_loaded	8	static
../Drivers/Project_drv/MiniPascal.c:2166:6:mp_request_usb_detach	8	static
../Drivers/Project_drv/MiniPascal.c:2168:6:mp_force_stop	8	static
../Drivers/Project_drv/MiniPascal.c:2178:6:mp_start_session	8	static
../Drivers/Project_drv/MiniPascal.c:2188:6:mp_stop_session	8	static
../Drivers/Project_drv/MiniPascal.c:2189:6:mp_is_active	8	static
../Drivers/Project_drv/MiniPascal.c:2190:6:mp_exit_pending	8	static
../Drivers/Project_drv/MiniPascal.c:2192:13:edit_feed_char	16	static
../Drivers/Project_drv/MiniPascal.c:2237:6:mp_feed_char	24	static
../Drivers/Project_drv/MiniPascal.c:2273:6:mp_task	8	static
../Drivers/Project_drv/MiniPascal.c:2275:6:mp_autorun_poll	24	static
../Drivers/Project_drv/MiniPascal.c:2299:6:mp_poll	40	static
../Drivers/Project_drv/MiniPascal.c:2425:6:mp_notify_button_short	16	static
../Drivers/Project_drv/MiniPascal.c:2453:6:mp_notify_button_long	16	static
../Drivers/Project_drv/MiniPascal.c:2460:13:time_read_ymdhms	96	static
../Drivers/Project_drv/MiniPascal.c:2470:13:time_update_vars	56	static
../Drivers/Project_drv/MiniPascal.c:2482:13:time_print_ymdhm	8	static
../Drivers/Project_drv/MiniPascal.c:2492:12:time_sel_id	16	static
../Drivers/Project_drv/MiniPascal.c:2503:13:is_time0_call	40	static
../Drivers/Project_drv/MiniPascal.c:2527:9:mp_user_builtin	448	static
