../Drivers/Project_drv/MiniPascal.c:23:13:mp_puts	16	static
../Drivers/Project_drv/MiniPascal.c:24:13:mp_putcrlf	8	static
../Drivers/Project_drv/MiniPascal.c:31:12:mp_stricmp	24	static
../Drivers/Project_drv/MiniPascal.c:40:13:mp_itoa	48	static
../Drivers/Project_drv/MiniPascal.c:56:13:mp_utoa_hex	40	static
../Drivers/Project_drv/MiniPascal.c:70:13:parse_int	24	static
../Drivers/Project_drv/MiniPascal.c:81:6:mp_exec_builtin_line	96	static
../Drivers/Project_drv/MiniPascal.c:139:17:fnv1a16_ci	24	static
../Drivers/Project_drv/MiniPascal.c:157:13:mp_hal_abort_pressed	8	static
../Drivers/Project_drv/MiniPascal.c:172:13:ed_init	16	static
../Drivers/Project_drv/MiniPascal.c:174:12:ed_find	24	static
../Drivers/Project_drv/MiniPascal.c:179:12:ed_insert_pos	24	static
../Drivers/Project_drv/MiniPascal.c:185:13:ed_delete	32	static
../Drivers/Project_drv/MiniPascal.c:193:13:ed_set	48	static
../Drivers/Project_drv/MiniPascal.c:214:12:ed_max_line	24	static
../Drivers/Project_drv/MiniPascal.c:220:13:ed_list	48	static
../Drivers/Project_drv/MiniPascal.c:252:12:sysvar_find	24	static
../Drivers/Project_drv/MiniPascal.c:290:13:is_id0	16	static
../Drivers/Project_drv/MiniPascal.c:291:13:is_idn	16	static
../Drivers/Project_drv/MiniPascal.c:294:13:lex_init_prog	24	static
../Drivers/Project_drv/MiniPascal.c:304:13:lex_skip_ws	16	static
../Drivers/Project_drv/MiniPascal.c:318:13:kw	24	static
../Drivers/Project_drv/MiniPascal.c:327:14:kw_kind	16	static
../Drivers/Project_drv/MiniPascal.c:344:13:lex_next	64	static
../Drivers/Project_drv/MiniPascal.c:423:13:set_err	16	static
../Drivers/Project_drv/MiniPascal.c:425:13:emit_u8	16	static
../Drivers/Project_drv/MiniPascal.c:426:13:emit_u16	24	static
../Drivers/Project_drv/MiniPascal.c:432:13:emit_u32	24	static
../Drivers/Project_drv/MiniPascal.c:440:13:emit_pushi	16	static
../Drivers/Project_drv/MiniPascal.c:441:13:patch_u16	16	static
../Drivers/Project_drv/MiniPascal.c:448:12:sym_find	32	static
../Drivers/Project_drv/MiniPascal.c:454:12:sym_get_or_add	40	static
../Drivers/Project_drv/MiniPascal.c:474:12:builtin_id	16	static
../Drivers/Project_drv/MiniPascal.c:504:13:nx	24	static
../Drivers/Project_drv/MiniPascal.c:518:13:ac	16	static
../Drivers/Project_drv/MiniPascal.c:519:13:ex	24	static
../Drivers/Project_drv/MiniPascal.c:523:13:primary	56	static
../Drivers/Project_drv/MiniPascal.c:572:13:unary	16	static
../Drivers/Project_drv/MiniPascal.c:578:13:mul	24	static
../Drivers/Project_drv/MiniPascal.c:589:13:add	24	static
../Drivers/Project_drv/MiniPascal.c:600:13:cmp	24	static
../Drivers/Project_drv/MiniPascal.c:620:13:land	16	static
../Drivers/Project_drv/MiniPascal.c:626:13:lor	16	static
../Drivers/Project_drv/MiniPascal.c:632:13:expr	16	static
../Drivers/Project_drv/MiniPascal.c:637:13:stmt_list_until	16	static
../Drivers/Project_drv/MiniPascal.c:645:13:block_or_single	16	static
../Drivers/Project_drv/MiniPascal.c:653:13:st_if	24	static
../Drivers/Project_drv/MiniPascal.c:675:13:st_while	24	static
../Drivers/Project_drv/MiniPascal.c:690:13:st_repeat	24	static
../Drivers/Project_drv/MiniPascal.c:699:13:st_goto	24	static
../Drivers/Project_drv/MiniPascal.c:714:13:st_assign_or_call	56	static
../Drivers/Project_drv/MiniPascal.c:752:13:stmt	16	static
../Drivers/Project_drv/MiniPascal.c:771:13:compile_program	3800	static
../Drivers/Project_drv/MiniPascal.c:828:12:editor_index_by_line	24	static
../Drivers/Project_drv/MiniPascal.c:845:13:vm_reset	16	static
../Drivers/Project_drv/MiniPascal.c:849:13:push	16	static
../Drivers/Project_drv/MiniPascal.c:850:13:pop	16	static
../Drivers/Project_drv/MiniPascal.c:851:17:rd_u16	24	static
../Drivers/Project_drv/MiniPascal.c:852:16:rd_i32	24	static
../Drivers/Project_drv/MiniPascal.c:857:13:vm_step	112	static
../Drivers/Project_drv/MiniPascal.c:947:17:fnv1a32_update	32	static
../Drivers/Project_drv/MiniPascal.c:953:17:flash_data_start	8	static
../Drivers/Project_drv/MiniPascal.c:957:17:flash_data_end	8	static
../Drivers/Project_drv/MiniPascal.c:961:17:flash_data_size	16	static
../Drivers/Project_drv/MiniPascal.c:970:13:flash_err_clear	8	static
../Drivers/Project_drv/MiniPascal.c:975:13:flash_err_set	16	static
../Drivers/Project_drv/MiniPascal.c:980:13:flash_clear_errors	8	static
../Drivers/Project_drv/MiniPascal.c:993:17:slot_size_bytes	16	static
../Drivers/Project_drv/MiniPascal.c:1001:17:slot_base_addr	24	static
../Drivers/Project_drv/MiniPascal.c:1009:13:flash_unlock	8	static
../Drivers/Project_drv/MiniPascal.c:1010:13:flash_lock	8	static
../Drivers/Project_drv/MiniPascal.c:1012:13:flash_erase_region	64	static
../Drivers/Project_drv/MiniPascal.c:1035:13:flash_prog_dw	32	static
../Drivers/Project_drv/MiniPascal.c:1042:13:flash_stream_init	16	static
../Drivers/Project_drv/MiniPascal.c:1050:13:flash_stream_write	32	static
../Drivers/Project_drv/MiniPascal.c:1064:13:flash_stream_flush	16	static
../Drivers/Project_drv/MiniPascal.c:1074:13:storage_erase_slot	40	static
../Drivers/Project_drv/MiniPascal.c:1088:13:storage_save_slot	112	static
../Drivers/Project_drv/MiniPascal.c:1155:13:storage_load_slot	96	static
../Drivers/Project_drv/MiniPascal.c:1217:13:mp_prompt	24	static
../Drivers/Project_drv/MiniPascal.c:1231:13:help	8	static
../Drivers/Project_drv/MiniPascal.c:1309:13:compile_or_report	24	static
../Drivers/Project_drv/MiniPascal.c:1324:13:cmd_run	8	static
../Drivers/Project_drv/MiniPascal.c:1331:13:cmd_stop	8	static
../Drivers/Project_drv/MiniPascal.c:1336:13:handle_edit_line	32	static
../Drivers/Project_drv/MiniPascal.c:1370:13:parse_slot_opt	24	static
../Drivers/Project_drv/MiniPascal.c:1386:13:handle_line	176	static
../Drivers/Project_drv/MiniPascal.c:1555:6:mp_init	3840	static
../Drivers/Project_drv/MiniPascal.c:1596:6:mp_request_stop	8	static
../Drivers/Project_drv/MiniPascal.c:1598:6:mp_start_session	8	static
../Drivers/Project_drv/MiniPascal.c:1608:6:mp_stop_session	8	static
../Drivers/Project_drv/MiniPascal.c:1609:6:mp_is_active	8	static
../Drivers/Project_drv/MiniPascal.c:1610:6:mp_exit_pending	8	static
../Drivers/Project_drv/MiniPascal.c:1612:6:mp_feed_char	24	static
../Drivers/Project_drv/MiniPascal.c:1642:6:mp_task	8	static
../Drivers/Project_drv/MiniPascal.c:1644:6:mp_poll	16	static
../Drivers/Project_drv/MiniPascal.c:1678:6:mp_buttons_poll	40	static
../Drivers/Project_drv/MiniPascal.c:1734:13:time_read_ymdhms	96	static
../Drivers/Project_drv/MiniPascal.c:1744:13:time_update_vars	56	static
../Drivers/Project_drv/MiniPascal.c:1757:9:mp_user_builtin	192	static
../Drivers/Project_drv/MiniPascal.c:1910:5:mp_hal_getchar	8	static
../Drivers/Project_drv/MiniPascal.c:1914:6:mp_hal_putchar	24	static
../Drivers/Project_drv/MiniPascal.c:1919:10:mp_hal_millis	8	static
