../Core/Inc/main.h:107:20:IND_LED_On	8	static
../Core/Inc/main.h:108:20:IND_LED_Off	8	static
../Drivers/Project_drv/MiniPascal.c:31:13:mp_puts	16	static
../Drivers/Project_drv/MiniPascal.c:32:13:mp_putcrlf	8	static
../Drivers/Project_drv/MiniPascal.c:43:12:mp_stricmp	24	static
../Drivers/Project_drv/MiniPascal.c:52:13:mp_itoa	48	static
../Drivers/Project_drv/MiniPascal.c:68:13:mp_put2	32	static
../Drivers/Project_drv/MiniPascal.c:82:13:mp_utoa_hex	40	static
../Drivers/Project_drv/MiniPascal.c:96:13:parse_int	24	static
../Drivers/Project_drv/MiniPascal.c:107:6:mp_exec_builtin_line	96	static
../Drivers/Project_drv/MiniPascal.c:168:17:fnv1a16_ci	24	static
../Drivers/Project_drv/MiniPascal.c:192:13:ed_init	16	static
../Drivers/Project_drv/MiniPascal.c:194:12:ed_find	24	static
../Drivers/Project_drv/MiniPascal.c:199:12:ed_insert_pos	24	static
../Drivers/Project_drv/MiniPascal.c:205:13:ed_delete	32	static
../Drivers/Project_drv/MiniPascal.c:213:13:ed_set	48	static
../Drivers/Project_drv/MiniPascal.c:234:13:ed_list	48	static
../Drivers/Project_drv/MiniPascal.c:271:12:sysvar_find	24	static
../Drivers/Project_drv/MiniPascal.c:314:13:is_id0	16	static
../Drivers/Project_drv/MiniPascal.c:315:13:is_idn	16	static
../Drivers/Project_drv/MiniPascal.c:318:13:lex_init_prog	24	static
../Drivers/Project_drv/MiniPascal.c:328:13:lex_skip_ws	24	static
../Drivers/Project_drv/MiniPascal.c:356:13:kw	24	static
../Drivers/Project_drv/MiniPascal.c:365:14:kw_kind	16	static
../Drivers/Project_drv/MiniPascal.c:382:13:lex_next	144	static
../Drivers/Project_drv/MiniPascal.c:483:13:set_err	16	static
../Drivers/Project_drv/MiniPascal.c:485:13:emit_u8	16	static
../Drivers/Project_drv/MiniPascal.c:486:13:emit_u16	24	static
../Drivers/Project_drv/MiniPascal.c:492:13:emit_u32	24	static
../Drivers/Project_drv/MiniPascal.c:500:13:emit_bytes	24	static
../Drivers/Project_drv/MiniPascal.c:506:13:emit_pushi	16	static
../Drivers/Project_drv/MiniPascal.c:507:13:patch_u16	16	static
../Drivers/Project_drv/MiniPascal.c:514:12:sym_find	32	static
../Drivers/Project_drv/MiniPascal.c:520:12:sym_get_or_add	40	static
../Drivers/Project_drv/MiniPascal.c:540:12:builtin_id	16	static
../Drivers/Project_drv/MiniPascal.c:588:13:nx	24	static
../Drivers/Project_drv/MiniPascal.c:602:13:ac	16	static
../Drivers/Project_drv/MiniPascal.c:603:13:ex	24	static
../Drivers/Project_drv/MiniPascal.c:607:13:time_arg	24	static
../Drivers/Project_drv/MiniPascal.c:619:13:primary	56	static
../Drivers/Project_drv/MiniPascal.c:674:13:unary	16	static
../Drivers/Project_drv/MiniPascal.c:680:13:mul	24	static
../Drivers/Project_drv/MiniPascal.c:691:13:add	24	static
../Drivers/Project_drv/MiniPascal.c:702:13:cmp	24	static
../Drivers/Project_drv/MiniPascal.c:722:13:land	16	static
../Drivers/Project_drv/MiniPascal.c:728:13:lor	16	static
../Drivers/Project_drv/MiniPascal.c:734:13:expr	16	static
../Drivers/Project_drv/MiniPascal.c:739:13:stmt_list_until	16	static
../Drivers/Project_drv/MiniPascal.c:747:13:block_or_single	16	static
../Drivers/Project_drv/MiniPascal.c:755:13:st_writeln	32	static
../Drivers/Project_drv/MiniPascal.c:781:13:st_if	24	static
../Drivers/Project_drv/MiniPascal.c:803:13:st_while	24	static
../Drivers/Project_drv/MiniPascal.c:818:13:st_repeat	24	static
../Drivers/Project_drv/MiniPascal.c:827:13:st_goto	24	static
../Drivers/Project_drv/MiniPascal.c:842:13:st_assign_or_call	56	static
../Drivers/Project_drv/MiniPascal.c:882:13:stmt	16	static
../Drivers/Project_drv/MiniPascal.c:903:13:compile_program	5360	static
../Drivers/Project_drv/MiniPascal.c:960:12:editor_index_by_line	24	static
../Drivers/Project_drv/MiniPascal.c:980:13:vm_reset	16	static
../Drivers/Project_drv/MiniPascal.c:984:13:push	16	static
../Drivers/Project_drv/MiniPascal.c:985:13:pop	16	static
../Drivers/Project_drv/MiniPascal.c:986:17:rd_u16	24	static
../Drivers/Project_drv/MiniPascal.c:987:16:rd_i32	24	static
../Drivers/Project_drv/MiniPascal.c:992:13:vm_step	128	static
../Drivers/Project_drv/MiniPascal.c:1115:17:fnv1a32_update	32	static
../Drivers/Project_drv/MiniPascal.c:1121:17:flash_data_start	8	static
../Drivers/Project_drv/MiniPascal.c:1125:17:flash_data_end	8	static
../Drivers/Project_drv/MiniPascal.c:1129:17:flash_data_size	16	static
../Drivers/Project_drv/MiniPascal.c:1138:13:flash_err_clear	8	static
../Drivers/Project_drv/MiniPascal.c:1143:13:flash_err_set	16	static
../Drivers/Project_drv/MiniPascal.c:1148:13:flash_clear_errors	8	static
../Drivers/Project_drv/MiniPascal.c:1161:17:slot_size_bytes	16	static
../Drivers/Project_drv/MiniPascal.c:1169:17:slot_base_addr	24	static
../Drivers/Project_drv/MiniPascal.c:1177:13:flash_unlock	8	static
../Drivers/Project_drv/MiniPascal.c:1178:13:flash_lock	8	static
../Drivers/Project_drv/MiniPascal.c:1180:13:flash_erase_region	64	static
../Drivers/Project_drv/MiniPascal.c:1203:13:flash_prog_dw	32	static
../Drivers/Project_drv/MiniPascal.c:1210:13:flash_stream_init	16	static
../Drivers/Project_drv/MiniPascal.c:1218:13:flash_stream_write	32	static
../Drivers/Project_drv/MiniPascal.c:1232:13:flash_stream_flush	16	static
../Drivers/Project_drv/MiniPascal.c:1242:13:storage_save_slot	112	static
../Drivers/Project_drv/MiniPascal.c:1309:13:storage_load_slot	96	static
../Drivers/Project_drv/MiniPascal.c:1356:13:storage_slot_has_program	72	static
../Drivers/Project_drv/MiniPascal.c:1380:16:slot_step	16	static
../Drivers/Project_drv/MiniPascal.c:1385:16:slot_find_next_program	32	static
../Drivers/Project_drv/MiniPascal.c:1394:16:slot_find_first_program	16	static
../Drivers/Project_drv/MiniPascal.c:1403:13:refresh_program_slot_cache	8	static
../Drivers/Project_drv/MiniPascal.c:1407:9:mp_first_program_slot	8	static
../Drivers/Project_drv/MiniPascal.c:1445:13:mp_prompt	8	static
../Drivers/Project_drv/MiniPascal.c:1450:13:help	8	static
../Drivers/Project_drv/MiniPascal.c:1534:13:edit_load_from_ed	16	static
../Drivers/Project_drv/MiniPascal.c:1550:13:edit_store_to_ed	16	static
../Drivers/Project_drv/MiniPascal.c:1557:13:edit_delete_line_at	32	static
../Drivers/Project_drv/MiniPascal.c:1565:12:map_line_no	32	static
../Drivers/Project_drv/MiniPascal.c:1572:13:renumber_update_goto_line	80	static
../Drivers/Project_drv/MiniPascal.c:1643:13:edit_renumber_program	664	static
../Drivers/Project_drv/MiniPascal.c:1666:12:edit_pick_new_line_no	24	static
../Drivers/Project_drv/MiniPascal.c:1679:13:edit_insert_line_after	32	static
../Drivers/Project_drv/MiniPascal.c:1693:13:edit_render	96	static
../Drivers/Project_drv/MiniPascal.c:1719:13:edit_exit	96	static
../Drivers/Project_drv/MiniPascal.c:1737:13:edit_enter_new	88	static
../Drivers/Project_drv/MiniPascal.c:1754:13:edit_enter_resume	96	static
../Drivers/Project_drv/MiniPascal.c:1786:13:edit_enter_slot	104	static
../Drivers/Project_drv/MiniPascal.c:1827:13:edit_move_line	16	static
../Drivers/Project_drv/MiniPascal.c:1843:13:edit_backspace	96	static
../Drivers/Project_drv/MiniPascal.c:1876:13:edit_delete	24	static
../Drivers/Project_drv/MiniPascal.c:1898:13:edit_insert_char	24	static
../Drivers/Project_drv/MiniPascal.c:1909:13:edit_enter_key	176	static
../Drivers/Project_drv/MiniPascal.c:1958:13:edit_handle_escape	16	static
../Drivers/Project_drv/MiniPascal.c:1993:13:compile_or_report	24	static
../Drivers/Project_drv/MiniPascal.c:2008:13:cmd_run	8	static
../Drivers/Project_drv/MiniPascal.c:2015:13:cmd_stop	8	static
../Drivers/Project_drv/MiniPascal.c:2020:13:parse_slot_opt	24	static
../Drivers/Project_drv/MiniPascal.c:2036:13:handle_line	176	static
../Drivers/Project_drv/MiniPascal.c:2177:13:mp_indicate_program_start	8	static
../Drivers/Project_drv/MiniPascal.c:2184:6:mp_init	16	static
../Drivers/Project_drv/MiniPascal.c:2201:6:mp_request_stop	8	static
../Drivers/Project_drv/MiniPascal.c:2202:6:mp_request_run_slot	16	static
../Drivers/Project_drv/MiniPascal.c:2206:6:mp_request_run_loaded	8	static
../Drivers/Project_drv/MiniPascal.c:2207:6:mp_request_usb_detach	8	static
../Drivers/Project_drv/MiniPascal.c:2209:6:mp_force_stop	8	static
../Drivers/Project_drv/MiniPascal.c:2219:6:mp_start_session	8	static
../Drivers/Project_drv/MiniPascal.c:2229:6:mp_stop_session	8	static
../Drivers/Project_drv/MiniPascal.c:2230:6:mp_is_active	8	static
../Drivers/Project_drv/MiniPascal.c:2231:6:mp_exit_pending	8	static
../Drivers/Project_drv/MiniPascal.c:2233:13:edit_feed_char	16	static
../Drivers/Project_drv/MiniPascal.c:2278:6:mp_feed_char	24	static
../Drivers/Project_drv/MiniPascal.c:2314:6:mp_task	8	static
../Drivers/Project_drv/MiniPascal.c:2316:6:mp_autorun_poll	24	static
../Drivers/Project_drv/MiniPascal.c:2340:6:mp_poll	40	static
../Drivers/Project_drv/MiniPascal.c:2477:6:mp_notify_button_short	16	static
../Drivers/Project_drv/MiniPascal.c:2505:6:mp_notify_button_long	16	static
../Drivers/Project_drv/MiniPascal.c:2512:13:time_read_ymdhms	40	static
../Drivers/Project_drv/MiniPascal.c:2516:13:time_update_vars	56	static
../Drivers/Project_drv/MiniPascal.c:2528:13:time_print_ymdhm	8	static
../Drivers/Project_drv/MiniPascal.c:2538:12:time_sel_id	16	static
../Drivers/Project_drv/MiniPascal.c:2549:13:is_time0_call	40	static
../Drivers/Project_drv/MiniPascal.c:2573:9:mp_user_builtin	384	static
