../Drivers/CMSIS/Include/core_cm0plus.h:987:34:__NVIC_SystemReset	8	static,ignoring_inline_asm
../Core/Inc/main.h:107:20:IND_LED_On	8	static
../Core/Inc/main.h:108:20:IND_LED_Off	8	static
../Core/Src/main.c:135:5:main	24	static,ignoring_inline_asm
../Core/Src/main.c:309:6:SystemClock_Config	136	static
../Core/Src/main.c:376:13:MX_ADC1_Init	48	static
../Core/Src/main.c:475:13:MX_I2C1_Init	8	static
../Core/Src/main.c:523:13:MX_LPTIM2_Init	16	static
../Core/Src/main.c:566:13:MX_RNG_Init	8	static
../Core/Src/main.c:593:13:MX_RTC_Init	88	static
../Core/Src/main.c:715:13:MX_SPI1_Init	8	static
../Core/Src/main.c:755:13:MX_TIM2_Init	64	static
../Core/Src/main.c:814:13:MX_USB_PCD_Init	8	static
../Core/Src/main.c:853:13:MX_DMA_Init	16	static
../Core/Src/main.c:874:13:MX_GPIO_Init	56	static
../Core/Src/main.c:950:9:USB_IsPresent	8	static
../Core/Src/main.c:956:5:mp_hal_getchar	8	static
../Core/Src/main.c:961:6:mp_hal_putchar	24	static
../Core/Src/main.c:967:10:mp_hal_millis	8	static
../Core/Src/main.c:972:5:mp_hal_abort_pressed	8	static
../Core/Src/main.c:977:5:mp_hal_usb_connected	8	static
../Core/Src/main.c:982:6:mp_hal_led_power_on	8	static
../Core/Src/main.c:991:6:mp_hal_led_power_off	8	static
../Core/Src/main.c:997:6:HAL_RTCEx_WakeUpTimerEventCallback	16	static
../Core/Src/main.c:1003:13:lp_delay_sleep_ms	24	static
../Core/Src/main.c:1011:16:lp_delay_rtc_ready	8	static
../Core/Src/main.c:1016:6:LP_DELAY	24	static
../Core/Src/main.c:1066:6:mp_hal_lowpower_delay_ms	16	static
../Core/Src/main.c:1081:17:memmon_total_bytes	8	static
../Core/Src/main.c:1086:17:memmon_free_bytes_with_heap_end	24	static,ignoring_inline_asm
../Core/Src/main.c:1093:13:memmon_update_min	16	static
../Core/Src/main.c:1103:6:MemMon_Init	24	static
../Core/Src/main.c:1119:6:MemMon_Task	48	static
../Core/Src/main.c:1146:6:MemMon_TickHook	16	static
../Core/Src/main.c:1152:6:MemMon_Get	96	static,ignoring_inline_asm
../Core/Src/main.c:1194:13:Power_MinimizeLoads	8	static
../Core/Src/main.c:1209:16:B1_WaitHeld	24	static
../Core/Src/main.c:1224:13:EnterStop	8	static
../Core/Src/main.c:1266:6:Lamp_RequestOff	16	static
../Core/Src/main.c:1272:13:Lamp_Off_Task	8	static
../Core/Src/main.c:1287:13:NoProgram_SleepUntilUSB	16	static
../Core/Src/main.c:1319:13:BL_Task	8	static
../Core/Src/main.c:1329:6:HAL_SYSTICK_Callback	8	static
../Core/Src/main.c:1350:6:HAL_GPIO_EXTI_Callback	24	static
../Core/Src/main.c:1396:13:JumpToBootloader	40	static,ignoring_inline_asm
../Core/Src/main.c:1472:13:CheckBootloaderEntry	16	static
../Core/Src/main.c:1504:13:rtc_wakeup_1s_enable	8	static
../Core/Src/main.c:1519:13:rtc_wakeup_disable	8	static
../Core/Src/main.c:1524:14:vbat_read_blocking	24	static,ignoring_inline_asm
../Core/Src/main.c:1542:13:EnterLowBatteryStandby	8	static
../Core/Src/main.c:1559:13:LowBattery_EarlyGate	16	static
../Core/Src/main.c:1589:13:LowBattery_Task	16	static
../Core/Src/main.c:1614:6:Error_Handler	8	static,ignoring_inline_asm
