../Drivers/CMSIS/Include/core_cm0plus.h:987:34:__NVIC_SystemReset	8	static,ignoring_inline_asm
../Core/Src/main.c:96:5:main	8	static,ignoring_inline_asm
../Core/Src/main.c:176:6:SystemClock_Config	136	static
../Core/Src/main.c:243:13:MX_ADC1_Init	48	static
../Core/Src/main.c:342:13:MX_I2C1_Init	8	static
../Core/Src/main.c:390:13:MX_LPTIM2_Init	16	static
../Core/Src/main.c:433:13:MX_RNG_Init	8	static
../Core/Src/main.c:460:13:MX_RTC_Init	80	static
../Core/Src/main.c:543:13:MX_SPI1_Init	8	static
../Core/Src/main.c:583:13:MX_TIM2_Init	64	static
../Core/Src/main.c:642:13:MX_USB_PCD_Init	8	static
../Core/Src/main.c:681:13:MX_DMA_Init	16	static
../Core/Src/main.c:702:13:MX_GPIO_Init	56	static
../Core/Src/main.c:767:6:HAL_GPIO_EXTI_Callback	24	static
../Core/Src/main.c:804:13:JumpToBootloader	40	static,ignoring_inline_asm
../Core/Src/main.c:873:13:CheckBootloaderEntry	16	static
../Core/Src/main.c:911:6:Error_Handler	8	static,ignoring_inline_asm
