../Core/Src/stm32u0xx_it.c:78:6:NMI_Handler	8	static
../Core/Src/stm32u0xx_it.c:93:6:HardFault_Handler	8	static
../Core/Src/stm32u0xx_it.c:108:6:SVC_Handler	8	static
../Core/Src/stm32u0xx_it.c:121:6:PendSV_Handler	8	static
../Core/Src/stm32u0xx_it.c:134:6:SysTick_Handler	8	static
../Core/Src/stm32u0xx_it.c:155:6:RTC_TAMP_IRQHandler	8	static
../Core/Src/stm32u0xx_it.c:170:6:USB_DRD_FS_IRQHandler	8	static
../Core/Src/stm32u0xx_it.c:184:6:DMA1_Channel1_IRQHandler	8	static
../Core/Src/stm32u0xx_it.c:198:6:DMA1_Channel2_3_IRQHandler	8	static
../Core/Src/stm32u0xx_it.c:212:6:ADC_COMP1_2_IRQHandler	8	static
../Core/Src/stm32u0xx_it.c:226:6:TIM2_IRQHandler	8	static
../Core/Src/stm32u0xx_it.c:240:6:TIM7_LPTIM2_IRQHandler	8	static
../Core/Src/stm32u0xx_it.c:254:6:SPI1_IRQHandler	8	static
../Core/Src/stm32u0xx_it.c:266:6:EXTI0_1_IRQHandler	8	static
../Core/Src/stm32u0xx_it.c:271:6:EXTI2_3_IRQHandler	8	static
