../Core/Inc/main.h:107:20:IND_LED_On	8	static
../Core/Inc/main.h:108:20:IND_LED_Off	8	static
../Core/Src/usb_cli.c:34:12:cli_stricmp	24	static
../Core/Src/usb_cli.c:45:13:cli_is_time0_call	40	static
../Core/Src/usb_cli.c:66:13:cli_is_call0	40	static
../Core/Src/usb_cli.c:87:13:cli_is_call1_float	56	static
../Core/Src/usb_cli.c:118:13:dbg_led_blink	32	static
../Core/Src/usb_cli.c:139:6:cdc_write_str	24	static
../Core/Src/usb_cli.c:148:13:cdc_writef	224	static
../Core/Src/usb_cli.c:158:13:cdc_echo_char	24	static
../Core/Src/usb_cli.c:164:13:cdc_prompt	8	static
../Core/Src/usb_cli.c:169:16:cli_wait_enter	104	static
../Core/Src/usb_cli.c:202:6:USB_CLI_NotifyDetach	8	static
../Core/Src/usb_cli.c:212:13:print_help	8	static
../Core/Src/usb_cli.c:262:13:handle_line	128	static
../Core/Src/usb_cli.c:400:6:USB_CLI_Init	8	static
../Core/Src/usb_cli.c:409:9:USB_CLI_IsConnected	8	static
../Core/Src/usb_cli.c:414:6:USB_CLI_Task	104	static
