../Core/Src/usb_cli.c:31:13:dbg_led_blink	32	static
../Core/Src/usb_cli.c:52:6:cdc_write_str	24	static
../Core/Src/usb_cli.c:61:13:cdc_writef	224	static
../Core/Src/usb_cli.c:71:13:cdc_echo_char	24	static
../Core/Src/usb_cli.c:77:13:cdc_prompt	8	static
../Core/Src/usb_cli.c:95:13:service_pending_cmd	48	static
../Core/Src/usb_cli.c:129:13:print_help	8	static
../Core/Src/usb_cli.c:178:12:parse_u8	32	static
../Core/Src/usb_cli.c:189:12:parse_f32	32	static
../Core/Src/usb_cli.c:200:13:handle_line	432	static
../Core/Src/usb_cli.c:654:6:USB_CLI_Init	8	static
../Core/Src/usb_cli.c:666:6:USB_CLI_Task	96	static
