../Core/Inc/main.h:107:20:IND_LED_On	8	static
../Core/Inc/main.h:108:20:IND_LED_Off	8	static
../Core/Src/usb_cli.c:37:17:popcount16	24	static
../Core/Src/usb_cli.c:62:13:micprobe_pa6_set_input	48	static
../Core/Src/usb_cli.c:74:13:micprobe_pa6_set_spi_af	48	static
../Core/Src/usb_cli.c:87:16:micprobe_pa6_read	8	static
../Core/Src/usb_cli.c:92:13:micprobe_pa6_pull_diagnose	24	static
../Core/Src/usb_cli.c:118:13:micprobe_stats_reset	16	static
../Core/Src/usb_cli.c:127:13:micprobe_stats_feed	40	static
../Core/Src/usb_cli.c:159:26:micprobe_rx_words	24	static
../Core/Src/usb_cli.c:165:13:micprobe_clock_for_ms	536	static
../Core/Src/usb_cli.c:175:13:micprobe_print	104	static
../Core/Src/usb_cli.c:200:13:micprobe_run	1320	static
../Core/Src/usb_cli.c:328:12:cli_stricmp	24	static
../Core/Src/usb_cli.c:339:13:cli_is_time0_call	40	static
../Core/Src/usb_cli.c:360:13:cli_is_call0	40	static
../Core/Src/usb_cli.c:381:13:cli_print_time_ymdhm	80	static
../Core/Src/usb_cli.c:398:14:battery_percent_from_v	32	static
../Core/Src/usb_cli.c:408:20:charger_state_str	16	static
../Core/Src/usb_cli.c:419:13:dbg_led_blink	32	static
../Core/Src/usb_cli.c:440:6:cdc_write_str	24	static
../Core/Src/usb_cli.c:449:13:cdc_writef	224	static
../Core/Src/usb_cli.c:459:13:cdc_echo_char	24	static
../Core/Src/usb_cli.c:465:13:cdc_prompt	8	static
../Core/Src/usb_cli.c:474:6:USB_CLI_NotifyDetach	8	static
../Core/Src/usb_cli.c:484:13:print_help	8	static
../Core/Src/usb_cli.c:529:13:handle_line	112	static
../Core/Src/usb_cli.c:619:6:USB_CLI_Init	8	static
../Core/Src/usb_cli.c:628:9:USB_CLI_IsConnected	8	static
../Core/Src/usb_cli.c:633:6:USB_CLI_Task	104	static
