../Core/Inc/main.h:107:20:IND_LED_On	8	static
../Core/Inc/main.h:108:20:IND_LED_Off	8	static
../Core/Src/usb_cli.c:33:12:cli_stricmp	24	static
../Core/Src/usb_cli.c:44:13:cli_is_time0_call	40	static
../Core/Src/usb_cli.c:65:13:cli_is_call0	40	static
../Core/Src/usb_cli.c:86:13:dbg_led_blink	32	static
../Core/Src/usb_cli.c:107:6:cdc_write_str	24	static
../Core/Src/usb_cli.c:116:13:cdc_writef	224	static
../Core/Src/usb_cli.c:126:13:cdc_echo_char	24	static
../Core/Src/usb_cli.c:132:13:cdc_prompt	8	static
../Core/Src/usb_cli.c:141:6:USB_CLI_NotifyDetach	8	static
../Core/Src/usb_cli.c:151:13:print_help	8	static
../Core/Src/usb_cli.c:200:13:handle_line	112	static
../Core/Src/usb_cli.c:319:6:USB_CLI_Init	8	static
../Core/Src/usb_cli.c:328:9:USB_CLI_IsConnected	8	static
../Core/Src/usb_cli.c:333:6:USB_CLI_Task	104	static
