../Core/Src/usb_cli.c:30:13:dbg_led_blink	32	static
../Core/Src/usb_cli.c:51:13:cdc_write_str	24	static
../Core/Src/usb_cli.c:60:13:cdc_writef	224	static
../Core/Src/usb_cli.c:70:13:cdc_echo_char	24	static
../Core/Src/usb_cli.c:76:13:cdc_prompt	8	static
../Core/Src/usb_cli.c:91:13:service_pending_cmd	48	static
../Core/Src/usb_cli.c:125:13:print_help	8	static
../Core/Src/usb_cli.c:173:12:parse_u8	32	static
../Core/Src/usb_cli.c:184:12:parse_f32	32	static
../Core/Src/usb_cli.c:195:13:handle_line	432	static
../Core/Src/usb_cli.c:641:6:USB_CLI_Init	8	static
../Core/Src/usb_cli.c:653:6:USB_CLI_Task	96	static
